Failed to get optimize_memory_allocation (field not present).
Failed to get disable_device_address_space_merge (field not present).
Failed to get enable_alias_region_extra_size (field not present).
Failed to get prevent_code_reads (field not present).
Failed to get signature_key_generation (field not present).
Failed to get program_id_range_min (field not present).
Failed to get program_id_range_max (field not present).
Failed to get program_id (field not present).
Failed to get title_id (empty string)
Failed to parse descriptor json!
Failed to get optimize_memory_allocation (field not present).
Failed to get disable_device_address_space_merge (field not present).
Failed to get enable_alias_region_extra_size (field not present).
Failed to get prevent_code_reads (field not present).
Failed to get signature_key_generation (field not present).
Failed to get program_id_range_min (field not present).
Failed to get program_id_range_max (field not present).
Failed to get program_id (field not present).
Failed to get title_id (empty string)
Failed to parse descriptor json!
Failed to get optimize_memory_allocation (field not present).
Failed to get disable_device_address_space_merge (field not present).
Failed to get enable_alias_region_extra_size (field not present).
Failed to get prevent_code_reads (field not present).
Failed to get signature_key_generation (field not present).
Failed to get program_id_range_min (field not present).
Failed to get program_id_range_max (field not present).
Failed to get program_id (field not present).
Failed to get title_id (empty string)
Failed to parse descriptor json!
